// Jest Snapshot v1, https://goo.gl/fbAQLP

exports[`Home renders a heading 1`] = `
<div>
  <div
    class="container"
  >
    <header
      class="header"
    >
      <h2>
        Spacely Space Corp ðŸš€
      </h2>
      <a
        href="/contact"
      >
        contact
      </a>
    </header>
    <main
      class="main"
    >
      <section
        class="banner"
      >
        <h1
          class="title"
        >
          Equal opportunity for space flight, with a spaceship for everyone
        </h1>
        <div
          class="actions"
        >
          <button
            class="button"
          >
            Subscribe for updates
          </button>
          <a
            class="button"
            href="https://thejetsons.fandom.com/wiki/Spacely_Space_Sprockets,_Inc."
            rel="noopener noreferrer"
            target="_blank"
            title="Find out more"
          >
            Find out more
          </a>
        </div>
      </section>
      <div
        class="grid"
      >
        <article
          class="card"
        >
          <span
            style="box-sizing: border-box; display: inline-block; overflow: hidden; background: none; opacity: 1; border: 0px; margin: 0px; padding: 0px; position: relative; max-width: 100%;"
          >
            <span
              style="box-sizing: border-box; display: block; background: none; opacity: 1; border: 0px; margin: 0px; padding: 0px; max-width: 100%;"
            >
              <img
                alt=""
                aria-hidden="true"
                src="data:image/svg+xml;base64,PHN2ZyB3aWR0aD0iMjU2IiBoZWlnaHQ9IjE0NCIgeG1sbnM9Imh0dHA6Ly93d3cudzMub3JnLzIwMDAvc3ZnIiB2ZXJzaW9uPSIxLjEiLz4="
                style="display: block; max-width: 100%; background: none; opacity: 1; border: 0px; margin: 0px; padding: 0px;"
              />
            </span>
            <img
              alt="News article 1"
              data-nimg="intrinsic"
              decoding="async"
              src="data:image/gif;base64,R0lGODlhAQABAIAAAAAAAP///yH5BAEAAAAALAAAAAABAAEAAAIBRAA7"
              style="position: absolute; top: 0px; left: 0px; bottom: 0px; right: 0px; box-sizing: border-box; padding: 0px; margin: auto; display: block; width: 0px; height: 0px; min-width: 100%; max-width: 100%; min-height: 100%; max-height: 100%;"
            />
            <noscript />
          </span>
          <h3>
            News article 1
          </h3>
          <p>
            Lorem ipsum dolor sit amet, consectetur adipiscing elit. Quisqueut lorem a ligula porttitor accumsan in vel purus.
          </p>
        </article>
        <article
          class="card"
        >
          <span
            style="box-sizing: border-box; display: inline-block; overflow: hidden; background: none; opacity: 1; border: 0px; margin: 0px; padding: 0px; position: relative; max-width: 100%;"
          >
            <span
              style="box-sizing: border-box; display: block; background: none; opacity: 1; border: 0px; margin: 0px; padding: 0px; max-width: 100%;"
            >
              <img
                alt=""
                aria-hidden="true"
                src="data:image/svg+xml;base64,PHN2ZyB3aWR0aD0iMjU2IiBoZWlnaHQ9IjE0NCIgeG1sbnM9Imh0dHA6Ly93d3cudzMub3JnLzIwMDAvc3ZnIiB2ZXJzaW9uPSIxLjEiLz4="
                style="display: block; max-width: 100%; background: none; opacity: 1; border: 0px; margin: 0px; padding: 0px;"
              />
            </span>
            <img
              alt="News article 2"
              data-nimg="intrinsic"
              decoding="async"
              src="data:image/gif;base64,R0lGODlhAQABAIAAAAAAAP///yH5BAEAAAAALAAAAAABAAEAAAIBRAA7"
              style="position: absolute; top: 0px; left: 0px; bottom: 0px; right: 0px; box-sizing: border-box; padding: 0px; margin: auto; display: block; width: 0px; height: 0px; min-width: 100%; max-width: 100%; min-height: 100%; max-height: 100%;"
            />
            <noscript />
          </span>
          <h3>
            News article 2
          </h3>
          <p>
            Lorem ipsum dolor sit amet, consectetur adipiscing elit. Quisqueut lorem a ligula porttitor accumsan in vel purus.
          </p>
        </article>
        <article
          class="card"
        >
          <span
            style="box-sizing: border-box; display: inline-block; overflow: hidden; background: none; opacity: 1; border: 0px; margin: 0px; padding: 0px; position: relative; max-width: 100%;"
          >
            <span
              style="box-sizing: border-box; display: block; background: none; opacity: 1; border: 0px; margin: 0px; padding: 0px; max-width: 100%;"
            >
              <img
                alt=""
                aria-hidden="true"
                src="data:image/svg+xml;base64,PHN2ZyB3aWR0aD0iMjU2IiBoZWlnaHQ9IjE0NCIgeG1sbnM9Imh0dHA6Ly93d3cudzMub3JnLzIwMDAvc3ZnIiB2ZXJzaW9uPSIxLjEiLz4="
                style="display: block; max-width: 100%; background: none; opacity: 1; border: 0px; margin: 0px; padding: 0px;"
              />
            </span>
            <img
              alt="News article 3"
              data-nimg="intrinsic"
              decoding="async"
              src="data:image/gif;base64,R0lGODlhAQABAIAAAAAAAP///yH5BAEAAAAALAAAAAABAAEAAAIBRAA7"
              style="position: absolute; top: 0px; left: 0px; bottom: 0px; right: 0px; box-sizing: border-box; padding: 0px; margin: auto; display: block; width: 0px; height: 0px; min-width: 100%; max-width: 100%; min-height: 100%; max-height: 100%;"
            />
            <noscript />
          </span>
          <h3>
            News article 3
          </h3>
          <p>
            Lorem ipsum dolor sit amet, consectetur adipiscing elit. Quisqueut lorem a ligula porttitor accumsan in vel purus.
          </p>
        </article>
      </div>
    </main>
    <footer
      class="footer"
    >
      <span>
        Copyright Â© Spacely Space Corp ðŸš€ 2021
      </span>
    </footer>
  </div>
</div>
`;
